{
    "-profile test": {
        "content": [
            {
                "CHOPPER": {
                    "chopper": "0.8.0"
                },
                "FASTQC": {
                    "fastqc": "0.12.1"
                },
                "MULTIQC": {
                    "multiqc": 1.32
                },
                "NANOPLOT": {
                    "nanoplot": "1.46.1"
                },
                "TOULLIGQC": {
                    "toulligqc": "2.7.1"
                },
                "Workflow": {
                    "nfdata-omics/nanotranseq": "v1.0.0dev"
                }
            },
            [
                "pipeline_info",
                "pipeline_info/nanotranseq_software_mqc_versions.yml",
                "qc",
                "qc/post_chopper",
                "qc/post_chopper/K562",
                "qc/post_chopper/K562/CHOPPER",
                "qc/post_chopper/K562/CHOPPER/K562.fastq.gz",
                "qc/post_chopper/K562/CHOPPER/versions.yml",
                "qc/post_chopper/K562/FASTQC",
                "qc/post_chopper/K562/FASTQC/K562_fastqc.html",
                "qc/post_chopper/K562/FASTQC/K562_fastqc.zip",
                "qc/post_chopper/K562/FASTQC/versions.yml",
                "qc/post_chopper/K562/NANOPLOT",
                "qc/post_chopper/K562/NANOPLOT/LengthvsQualityScatterPlot_dot.html",
                "qc/post_chopper/K562/NANOPLOT/LengthvsQualityScatterPlot_kde.html",
                "qc/post_chopper/K562/NANOPLOT/NanoPlot-report.html",
                "qc/post_chopper/K562/NANOPLOT/NanoStats.txt",
                "qc/post_chopper/K562/NANOPLOT/Non_weightedHistogramReadlength.html",
                "qc/post_chopper/K562/NANOPLOT/Non_weightedLogTransformed_HistogramReadlength.html",
                "qc/post_chopper/K562/NANOPLOT/WeightedHistogramReadlength.html",
                "qc/post_chopper/K562/NANOPLOT/WeightedLogTransformed_HistogramReadlength.html",
                "qc/post_chopper/K562/NANOPLOT/Yield_By_Length.html",
                "qc/post_chopper/K562/NANOPLOT/versions.yml",
                "qc/post_chopper/K562/TOULLIGQC",
                "qc/post_chopper/MCF7",
                "qc/post_chopper/MCF7/CHOPPER",
                "qc/post_chopper/MCF7/CHOPPER/MCF7.fastq.gz",
                "qc/post_chopper/MCF7/CHOPPER/versions.yml",
                "qc/post_chopper/MCF7/FASTQC",
                "qc/post_chopper/MCF7/FASTQC/MCF7_fastqc.html",
                "qc/post_chopper/MCF7/FASTQC/MCF7_fastqc.zip",
                "qc/post_chopper/MCF7/FASTQC/versions.yml",
                "qc/post_chopper/MCF7/NANOPLOT",
                "qc/post_chopper/MCF7/NANOPLOT/LengthvsQualityScatterPlot_dot.html",
                "qc/post_chopper/MCF7/NANOPLOT/LengthvsQualityScatterPlot_kde.html",
                "qc/post_chopper/MCF7/NANOPLOT/NanoPlot-report.html",
                "qc/post_chopper/MCF7/NANOPLOT/NanoStats.txt",
                "qc/post_chopper/MCF7/NANOPLOT/Non_weightedHistogramReadlength.html",
                "qc/post_chopper/MCF7/NANOPLOT/Non_weightedLogTransformed_HistogramReadlength.html",
                "qc/post_chopper/MCF7/NANOPLOT/WeightedHistogramReadlength.html",
                "qc/post_chopper/MCF7/NANOPLOT/WeightedLogTransformed_HistogramReadlength.html",
                "qc/post_chopper/MCF7/NANOPLOT/Yield_By_Length.html",
                "qc/post_chopper/MCF7/NANOPLOT/versions.yml",
                "qc/post_chopper/MCF7/TOULLIGQC",
                "qc/post_chopper/MULTIQC",
                "qc/post_chopper/MULTIQC/multiqc_data",
                "qc/post_chopper/MULTIQC/multiqc_data/fastqc-status-check-heatmap.txt",
                "qc/post_chopper/MULTIQC/multiqc_data/fastqc_adapter_content_plot.txt",
                "qc/post_chopper/MULTIQC/multiqc_data/fastqc_overrepresented_sequences_plot.txt",
                "qc/post_chopper/MULTIQC/multiqc_data/fastqc_per_base_n_content_plot.txt",
                "qc/post_chopper/MULTIQC/multiqc_data/fastqc_per_base_sequence_quality_plot.txt",
                "qc/post_chopper/MULTIQC/multiqc_data/fastqc_per_sequence_gc_content_plot_Counts.txt",
                "qc/post_chopper/MULTIQC/multiqc_data/fastqc_per_sequence_gc_content_plot_Percentages.txt",
                "qc/post_chopper/MULTIQC/multiqc_data/fastqc_per_sequence_quality_scores_plot.txt",
                "qc/post_chopper/MULTIQC/multiqc_data/fastqc_sequence_counts_plot.txt",
                "qc/post_chopper/MULTIQC/multiqc_data/fastqc_sequence_duplication_levels_plot.txt",
                "qc/post_chopper/MULTIQC/multiqc_data/fastqc_sequence_length_distribution_plot.txt",
                "qc/post_chopper/MULTIQC/multiqc_data/fastqc_top_overrepresented_sequences_table.txt",
                "qc/post_chopper/MULTIQC/multiqc_data/llms-full.txt",
                "qc/post_chopper/MULTIQC/multiqc_data/multiqc.log",
                "qc/post_chopper/MULTIQC/multiqc_data/multiqc.parquet",
                "qc/post_chopper/MULTIQC/multiqc_data/multiqc_citations.txt",
                "qc/post_chopper/MULTIQC/multiqc_data/multiqc_data.json",
                "qc/post_chopper/MULTIQC/multiqc_data/multiqc_fastqc.txt",
                "qc/post_chopper/MULTIQC/multiqc_data/multiqc_general_stats.txt",
                "qc/post_chopper/MULTIQC/multiqc_data/multiqc_software_versions.txt",
                "qc/post_chopper/MULTIQC/multiqc_data/multiqc_sources.txt",
                "qc/post_chopper/MULTIQC/multiqc_report.html",
                "qc/raw_reads",
                "qc/raw_reads/K562",
                "qc/raw_reads/K562/FASTQC",
                "qc/raw_reads/K562/FASTQC/K562_fastqc.html",
                "qc/raw_reads/K562/FASTQC/K562_fastqc.zip",
                "qc/raw_reads/K562/FASTQC/versions.yml",
                "qc/raw_reads/K562/NANOPLOT",
                "qc/raw_reads/K562/NANOPLOT/LengthvsQualityScatterPlot_dot.html",
                "qc/raw_reads/K562/NANOPLOT/LengthvsQualityScatterPlot_kde.html",
                "qc/raw_reads/K562/NANOPLOT/NanoPlot-report.html",
                "qc/raw_reads/K562/NANOPLOT/NanoStats.txt",
                "qc/raw_reads/K562/NANOPLOT/Non_weightedHistogramReadlength.html",
                "qc/raw_reads/K562/NANOPLOT/Non_weightedLogTransformed_HistogramReadlength.html",
                "qc/raw_reads/K562/NANOPLOT/WeightedHistogramReadlength.html",
                "qc/raw_reads/K562/NANOPLOT/WeightedLogTransformed_HistogramReadlength.html",
                "qc/raw_reads/K562/NANOPLOT/Yield_By_Length.html",
                "qc/raw_reads/K562/NANOPLOT/versions.yml",
                "qc/raw_reads/K562/TOULLIGQC",
                "qc/raw_reads/MCF7",
                "qc/raw_reads/MCF7/FASTQC",
                "qc/raw_reads/MCF7/FASTQC/MCF7_fastqc.html",
                "qc/raw_reads/MCF7/FASTQC/MCF7_fastqc.zip",
                "qc/raw_reads/MCF7/FASTQC/versions.yml",
                "qc/raw_reads/MCF7/NANOPLOT",
                "qc/raw_reads/MCF7/NANOPLOT/LengthvsQualityScatterPlot_dot.html",
                "qc/raw_reads/MCF7/NANOPLOT/LengthvsQualityScatterPlot_kde.html",
                "qc/raw_reads/MCF7/NANOPLOT/NanoPlot-report.html",
                "qc/raw_reads/MCF7/NANOPLOT/NanoStats.txt",
                "qc/raw_reads/MCF7/NANOPLOT/Non_weightedHistogramReadlength.html",
                "qc/raw_reads/MCF7/NANOPLOT/Non_weightedLogTransformed_HistogramReadlength.html",
                "qc/raw_reads/MCF7/NANOPLOT/WeightedHistogramReadlength.html",
                "qc/raw_reads/MCF7/NANOPLOT/WeightedLogTransformed_HistogramReadlength.html",
                "qc/raw_reads/MCF7/NANOPLOT/Yield_By_Length.html",
                "qc/raw_reads/MCF7/NANOPLOT/versions.yml",
                "qc/raw_reads/MCF7/TOULLIGQC",
                "qc/raw_reads/MULTIQC",
                "qc/raw_reads/MULTIQC/multiqc_data",
                "qc/raw_reads/MULTIQC/multiqc_data/fastqc-status-check-heatmap.txt",
                "qc/raw_reads/MULTIQC/multiqc_data/fastqc_adapter_content_plot.txt",
                "qc/raw_reads/MULTIQC/multiqc_data/fastqc_overrepresented_sequences_plot.txt",
                "qc/raw_reads/MULTIQC/multiqc_data/fastqc_per_base_n_content_plot.txt",
                "qc/raw_reads/MULTIQC/multiqc_data/fastqc_per_base_sequence_quality_plot.txt",
                "qc/raw_reads/MULTIQC/multiqc_data/fastqc_per_sequence_gc_content_plot_Counts.txt",
                "qc/raw_reads/MULTIQC/multiqc_data/fastqc_per_sequence_gc_content_plot_Percentages.txt",
                "qc/raw_reads/MULTIQC/multiqc_data/fastqc_per_sequence_quality_scores_plot.txt",
                "qc/raw_reads/MULTIQC/multiqc_data/fastqc_sequence_counts_plot.txt",
                "qc/raw_reads/MULTIQC/multiqc_data/fastqc_sequence_duplication_levels_plot.txt",
                "qc/raw_reads/MULTIQC/multiqc_data/fastqc_sequence_length_distribution_plot.txt",
                "qc/raw_reads/MULTIQC/multiqc_data/fastqc_top_overrepresented_sequences_table.txt",
                "qc/raw_reads/MULTIQC/multiqc_data/llms-full.txt",
                "qc/raw_reads/MULTIQC/multiqc_data/multiqc.log",
                "qc/raw_reads/MULTIQC/multiqc_data/multiqc.parquet",
                "qc/raw_reads/MULTIQC/multiqc_data/multiqc_citations.txt",
                "qc/raw_reads/MULTIQC/multiqc_data/multiqc_data.json",
                "qc/raw_reads/MULTIQC/multiqc_data/multiqc_fastqc.txt",
                "qc/raw_reads/MULTIQC/multiqc_data/multiqc_general_stats.txt",
                "qc/raw_reads/MULTIQC/multiqc_data/multiqc_software_versions.txt",
                "qc/raw_reads/MULTIQC/multiqc_data/multiqc_sources.txt",
                "qc/raw_reads/MULTIQC/multiqc_report.html"
            ],
            [
                "versions.yml:md5,872d4867d758fe9ed64cbd29b5f16c68",
                "versions.yml:md5,4f94bbbfb8a874d926952effee60149b",
                "versions.yml:md5,e61f4e44a585370c5c5fa40c1d4ffdcd",
                "versions.yml:md5,8700f378ece521a712d7f0ee621da9f8",
                "versions.yml:md5,872d4867d758fe9ed64cbd29b5f16c68",
                "versions.yml:md5,4f94bbbfb8a874d926952effee60149b",
                "versions.yml:md5,e61f4e44a585370c5c5fa40c1d4ffdcd",
                "versions.yml:md5,8700f378ece521a712d7f0ee621da9f8",
                "fastqc-status-check-heatmap.txt:md5,fe4aafa9dfd7beab187613ab8d044214",
                "fastqc_adapter_content_plot.txt:md5,f797687c37ee6aeb60b204b16234dc5a",
                "fastqc_overrepresented_sequences_plot.txt:md5,355d0aa18a771869a31ca4891e13ff89",
                "fastqc_per_base_n_content_plot.txt:md5,4bc378305a80aa6fe6fd74072ee2d752",
                "fastqc_per_base_sequence_quality_plot.txt:md5,9f69d6bd812ee1f1c12fc98d0d35123b",
                "fastqc_per_sequence_quality_scores_plot.txt:md5,757ca0e34400b8992fe285bc700246ec",
                "fastqc_sequence_counts_plot.txt:md5,eedb42720e85e1c72dff165c2e5909dd",
                "fastqc_sequence_duplication_levels_plot.txt:md5,bbf63a49a4b7a81cbf5a1ea21d3b7c9e",
                "fastqc_sequence_length_distribution_plot.txt:md5,11b68e77ac305d5554dfc457f143d879",
                "multiqc_citations.txt:md5,4c806e63a283ec1b7e78cdae3a923d4f",
                "multiqc_fastqc.txt:md5,f5fb949b5db4f5baab966423f1ae6c2e",
                "versions.yml:md5,75b1c1af89a44d8417941f1015d918fe",
                "versions.yml:md5,39e87f423a86633bd64ecd9c809e1618",
                "versions.yml:md5,b64fa8567956fdcd04a134e25689ff6b",
                "versions.yml:md5,75b1c1af89a44d8417941f1015d918fe",
                "versions.yml:md5,39e87f423a86633bd64ecd9c809e1618",
                "versions.yml:md5,b64fa8567956fdcd04a134e25689ff6b",
                "fastqc-status-check-heatmap.txt:md5,fe4aafa9dfd7beab187613ab8d044214",
                "fastqc_adapter_content_plot.txt:md5,f797687c37ee6aeb60b204b16234dc5a",
                "fastqc_overrepresented_sequences_plot.txt:md5,355d0aa18a771869a31ca4891e13ff89",
                "fastqc_per_base_n_content_plot.txt:md5,4bc378305a80aa6fe6fd74072ee2d752",
                "fastqc_per_base_sequence_quality_plot.txt:md5,9f69d6bd812ee1f1c12fc98d0d35123b",
                "fastqc_per_sequence_quality_scores_plot.txt:md5,757ca0e34400b8992fe285bc700246ec",
                "fastqc_sequence_counts_plot.txt:md5,eedb42720e85e1c72dff165c2e5909dd",
                "fastqc_sequence_duplication_levels_plot.txt:md5,bbf63a49a4b7a81cbf5a1ea21d3b7c9e",
                "fastqc_sequence_length_distribution_plot.txt:md5,11b68e77ac305d5554dfc457f143d879",
                "multiqc_citations.txt:md5,4c806e63a283ec1b7e78cdae3a923d4f",
                "multiqc_fastqc.txt:md5,f5fb949b5db4f5baab966423f1ae6c2e"
            ]
        ],
        "meta": {
            "nf-test": "0.9.2",
            "nextflow": "25.04.4"
        },
        "timestamp": "2026-01-05T15:56:11.737803"
    }
}