{
    "-profile test": {
        "content": [
            {
                "FASTQC": {
                    "fastqc": null
                },
                "NANOPLOT": {
                    "nanoplot": "1.46.1"
                },
                "TOULLIGQC": {
                    "toulligqc": "2.7.1"
                },
                "Workflow": {
                    "nfdata-omics/nanotranseq": "v1.0.0dev"
                }
            },
            [
                "fastqc",
                "fastqc/K562_fastqc.html",
                "fastqc/K562_fastqc.zip",
                "fastqc/MCF7_fastqc.html",
                "fastqc/MCF7_fastqc.zip",
                "multiqc",
                "multiqc/multiqc_data",
                "multiqc/multiqc_data/fastqc-status-check-heatmap.txt",
                "multiqc/multiqc_data/fastqc_adapter_content_plot.txt",
                "multiqc/multiqc_data/fastqc_overrepresented_sequences_plot.txt",
                "multiqc/multiqc_data/fastqc_per_base_n_content_plot.txt",
                "multiqc/multiqc_data/fastqc_per_base_sequence_quality_plot.txt",
                "multiqc/multiqc_data/fastqc_per_sequence_gc_content_plot_Counts.txt",
                "multiqc/multiqc_data/fastqc_per_sequence_gc_content_plot_Percentages.txt",
                "multiqc/multiqc_data/fastqc_per_sequence_quality_scores_plot.txt",
                "multiqc/multiqc_data/fastqc_sequence_counts_plot.txt",
                "multiqc/multiqc_data/fastqc_sequence_duplication_levels_plot.txt",
                "multiqc/multiqc_data/fastqc_sequence_length_distribution_plot.txt",
                "multiqc/multiqc_data/fastqc_top_overrepresented_sequences_table.txt",
                "multiqc/multiqc_data/llms-full.txt",
                "multiqc/multiqc_data/multiqc.log",
                "multiqc/multiqc_data/multiqc.parquet",
                "multiqc/multiqc_data/multiqc_citations.txt",
                "multiqc/multiqc_data/multiqc_data.json",
                "multiqc/multiqc_data/multiqc_fastqc.txt",
                "multiqc/multiqc_data/multiqc_general_stats.txt",
                "multiqc/multiqc_data/multiqc_software_versions.txt",
                "multiqc/multiqc_data/multiqc_sources.txt",
                "multiqc/multiqc_plots",
                "multiqc/multiqc_plots/pdf",
                "multiqc/multiqc_plots/pdf/fastqc_overrepresented_sequences_plot.pdf",
                "multiqc/multiqc_plots/pdf/fastqc_per_base_n_content_plot.pdf",
                "multiqc/multiqc_plots/pdf/fastqc_per_base_sequence_quality_plot.pdf",
                "multiqc/multiqc_plots/pdf/fastqc_per_sequence_gc_content_plot_Counts.pdf",
                "multiqc/multiqc_plots/pdf/fastqc_per_sequence_gc_content_plot_Percentages.pdf",
                "multiqc/multiqc_plots/pdf/fastqc_per_sequence_quality_scores_plot.pdf",
                "multiqc/multiqc_plots/pdf/fastqc_sequence_counts_plot-cnt.pdf",
                "multiqc/multiqc_plots/pdf/fastqc_sequence_counts_plot-pct.pdf",
                "multiqc/multiqc_plots/pdf/fastqc_sequence_duplication_levels_plot.pdf",
                "multiqc/multiqc_plots/pdf/fastqc_sequence_length_distribution_plot.pdf",
                "multiqc/multiqc_plots/png",
                "multiqc/multiqc_plots/png/fastqc_overrepresented_sequences_plot.png",
                "multiqc/multiqc_plots/png/fastqc_per_base_n_content_plot.png",
                "multiqc/multiqc_plots/png/fastqc_per_base_sequence_quality_plot.png",
                "multiqc/multiqc_plots/png/fastqc_per_sequence_gc_content_plot_Counts.png",
                "multiqc/multiqc_plots/png/fastqc_per_sequence_gc_content_plot_Percentages.png",
                "multiqc/multiqc_plots/png/fastqc_per_sequence_quality_scores_plot.png",
                "multiqc/multiqc_plots/png/fastqc_sequence_counts_plot-cnt.png",
                "multiqc/multiqc_plots/png/fastqc_sequence_counts_plot-pct.png",
                "multiqc/multiqc_plots/png/fastqc_sequence_duplication_levels_plot.png",
                "multiqc/multiqc_plots/png/fastqc_sequence_length_distribution_plot.png",
                "multiqc/multiqc_plots/png/fastqc_top_overrepresented_sequences_table.png",
                "multiqc/multiqc_plots/svg",
                "multiqc/multiqc_plots/svg/fastqc_overrepresented_sequences_plot.svg",
                "multiqc/multiqc_plots/svg/fastqc_per_base_n_content_plot.svg",
                "multiqc/multiqc_plots/svg/fastqc_per_base_sequence_quality_plot.svg",
                "multiqc/multiqc_plots/svg/fastqc_per_sequence_gc_content_plot_Counts.svg",
                "multiqc/multiqc_plots/svg/fastqc_per_sequence_gc_content_plot_Percentages.svg",
                "multiqc/multiqc_plots/svg/fastqc_per_sequence_quality_scores_plot.svg",
                "multiqc/multiqc_plots/svg/fastqc_sequence_counts_plot-cnt.svg",
                "multiqc/multiqc_plots/svg/fastqc_sequence_counts_plot-pct.svg",
                "multiqc/multiqc_plots/svg/fastqc_sequence_duplication_levels_plot.svg",
                "multiqc/multiqc_plots/svg/fastqc_sequence_length_distribution_plot.svg",
                "multiqc/multiqc_report.html",
                "nanoplot",
                "nanoplot/LengthvsQualityScatterPlot_dot.html",
                "nanoplot/LengthvsQualityScatterPlot_kde.html",
                "nanoplot/NanoPlot-report.html",
                "nanoplot/NanoStats.txt",
                "nanoplot/Non_weightedHistogramReadlength.html",
                "nanoplot/Non_weightedLogTransformed_HistogramReadlength.html",
                "nanoplot/WeightedHistogramReadlength.html",
                "nanoplot/WeightedLogTransformed_HistogramReadlength.html",
                "nanoplot/Yield_By_Length.html",
                "pipeline_info",
                "pipeline_info/nanotranseq_software_mqc_versions.yml",
                "toulligqc",
                "toulligqc/K562Toulligqc-report-2025-12-24-134311",
                "toulligqc/K562Toulligqc-report-2025-12-24-134311/images",
                "toulligqc/K562Toulligqc-report-2025-12-24-134311/images/Correlation_between_read_length_and_PHRED_score.html",
                "toulligqc/K562Toulligqc-report-2025-12-24-134311/images/Distribution_of_read_lengths.html",
                "toulligqc/K562Toulligqc-report-2025-12-24-134311/images/PHRED_score_density_distribution.html",
                "toulligqc/K562Toulligqc-report-2025-12-24-134311/images/PHRED_score_distribution.html",
                "toulligqc/K562Toulligqc-report-2025-12-24-134311/images/Read_count_histogram.html",
                "toulligqc/K562Toulligqc-report-2025-12-24-134311/images/plotly.min.js",
                "toulligqc/K562Toulligqc-report-2025-12-24-134311/report.data",
                "toulligqc/K562Toulligqc-report-2025-12-24-134311/report.html",
                "toulligqc/MCF7Toulligqc-report-2025-12-24-134112",
                "toulligqc/MCF7Toulligqc-report-2025-12-24-134112/images",
                "toulligqc/MCF7Toulligqc-report-2025-12-24-134112/images/Correlation_between_read_length_and_PHRED_score.html",
                "toulligqc/MCF7Toulligqc-report-2025-12-24-134112/images/Distribution_of_read_lengths.html",
                "toulligqc/MCF7Toulligqc-report-2025-12-24-134112/images/PHRED_score_density_distribution.html",
                "toulligqc/MCF7Toulligqc-report-2025-12-24-134112/images/PHRED_score_distribution.html",
                "toulligqc/MCF7Toulligqc-report-2025-12-24-134112/images/Read_count_histogram.html",
                "toulligqc/MCF7Toulligqc-report-2025-12-24-134112/images/plotly.min.js",
                "toulligqc/MCF7Toulligqc-report-2025-12-24-134112/report.data",
                "toulligqc/MCF7Toulligqc-report-2025-12-24-134112/report.html"
            ],
            [
                "fastqc-status-check-heatmap.txt:md5,fe4aafa9dfd7beab187613ab8d044214",
                "fastqc_adapter_content_plot.txt:md5,f797687c37ee6aeb60b204b16234dc5a",
                "fastqc_overrepresented_sequences_plot.txt:md5,355d0aa18a771869a31ca4891e13ff89",
                "fastqc_per_base_n_content_plot.txt:md5,4bc378305a80aa6fe6fd74072ee2d752",
                "fastqc_per_base_sequence_quality_plot.txt:md5,9f69d6bd812ee1f1c12fc98d0d35123b",
                "fastqc_per_sequence_gc_content_plot_Counts.txt:md5,f9f628bd9b706a04c38b89a64c28baac",
                "fastqc_per_sequence_gc_content_plot_Percentages.txt:md5,5c2fd1b1af5d9d6cfb86c5bf22178df1",
                "fastqc_per_sequence_quality_scores_plot.txt:md5,757ca0e34400b8992fe285bc700246ec",
                "fastqc_sequence_counts_plot.txt:md5,eedb42720e85e1c72dff165c2e5909dd",
                "fastqc_sequence_duplication_levels_plot.txt:md5,bbf63a49a4b7a81cbf5a1ea21d3b7c9e",
                "fastqc_sequence_length_distribution_plot.txt:md5,11b68e77ac305d5554dfc457f143d879",
                "multiqc_citations.txt:md5,4c806e63a283ec1b7e78cdae3a923d4f",
                "multiqc_fastqc.txt:md5,f5fb949b5db4f5baab966423f1ae6c2e",
                "multiqc_general_stats.txt:md5,463921d383404712d43368a96bc182a6",
                "LengthvsQualityScatterPlot_dot.html:md5,c783e4e4e2ff50c664acfe1cd24cdcb5",
                "LengthvsQualityScatterPlot_kde.html:md5,d7a2efe05829137b7288a86d49bde5f3",
                "NanoPlot-report.html:md5,fefc16884800e46243b234c24ccd23ff",
                "NanoStats.txt:md5,3e0906aed66e2b6aebb87e326b5dae48",
                "Non_weightedHistogramReadlength.html:md5,b419a93e0a33325fedd0aff16256fd63",
                "Non_weightedLogTransformed_HistogramReadlength.html:md5,917ca4279180764ac430077dafab6c2d",
                "WeightedHistogramReadlength.html:md5,38300ebdacfd116f32aededdc6ca5d0f",
                "WeightedLogTransformed_HistogramReadlength.html:md5,eff56e02ed72e8b23fa4b81ff63c7fb7",
                "Yield_By_Length.html:md5,7f0ae63bc4845935e95149a606afd963",
                "Correlation_between_read_length_and_PHRED_score.html:md5,c690ea38cbe5c6976255a9376b3948a5",
                "Distribution_of_read_lengths.html:md5,33d15cca18d067fa02026c75e1e7a9a0",
                "PHRED_score_density_distribution.html:md5,aec5418bd643e0215845fae1b78694a1",
                "PHRED_score_distribution.html:md5,dd07e5563b3d7759497ec13d04c1f513",
                "Read_count_histogram.html:md5,f58e33207e7b11c535868fbe7ddee3da",
                "plotly.min.js:md5,059f6ecfa3930aa0b85b6ef4591390e4",
                "report.data:md5,d9295c30bf1fa26c1f1b434d86a2eb60",
                "report.html:md5,a3cfe2f7070a382bd1875b1a517602b9",
                "Correlation_between_read_length_and_PHRED_score.html:md5,ea271266744297b125cce9115fc01b5e",
                "Distribution_of_read_lengths.html:md5,9833b40abacd796515aa09b75931ef64",
                "PHRED_score_density_distribution.html:md5,2dacfc488c350c660420cf5f6360ac1b",
                "PHRED_score_distribution.html:md5,bdf25063fe233b5c9875ea60cf7bdcd2",
                "Read_count_histogram.html:md5,5b82f94c1aa4f6ceec5629243e787660",
                "plotly.min.js:md5,059f6ecfa3930aa0b85b6ef4591390e4",
                "report.data:md5,7e015b15ed37e947b0ba32e33ec432af",
                "report.html:md5,798fa38f962fff92a3debb1e2175b44a"
            ]
        ],
        "meta": {
            "nf-test": "0.9.2",
            "nextflow": "25.04.4"
        },
        "timestamp": "2025-12-24T14:44:32.784653"
    }
}